// Jest Snapshot v1, https://goo.gl/fbAQLP

exports[`BlogPosts should render correctly 1`] = `
<DocumentFragment>
  <div
    class="posts basic-padding"
  >
    <div
      class="post"
    >
      <div
        class="post-image"
      >
        <img
          alt=""
          src="abstract.png"
        />
      </div>
      <div
        class="post-content post-padding"
      >
        <div
          class="post-meta"
        >
          <div
            class="post-date"
          >
            29th
      June, 
      2022
          </div>
          <div
            class="post-reading-time"
          >
            2 mins
          </div>
        </div>
        <div
          class="post-title"
        >
          The future of abstract art and the culture ...
        </div>
        <div
          class="post-description"
        >
          Create a blog post subtitle that summarizes your post in a few short, punchy sentences and entices your...
        </div>
      </div>
      <div
        class="post-engagements post-padding"
      >
        <div
          class="clap"
        >
          <div
            class="clap-icon"
          >
            <img
              alt="clap"
              src="clapping.svg"
            />
          </div>
          <div
            class="clap-counter"
          >
            10
          </div>
        </div>
        <div
          class="like"
        >
          <img
            alt="heart"
            src="heart-black.svg"
          />
        </div>
      </div>
    </div>
    <div
      class="post"
    >
      <div
        class="post-image"
      >
        <img
          alt=""
          src="outdoor.png"
        />
      </div>
      <div
        class="post-content post-padding"
      >
        <div
          class="post-meta"
        >
          <div
            class="post-date"
          >
            29th
      June, 
      2021
          </div>
          <div
            class="post-reading-time"
          >
            1 min
          </div>
        </div>
        <div
          class="post-title"
        >
          How painting outdoors can transform your 
        </div>
        <div
          class="post-description"
        >
          Create a blog post subtitle that summarizes your post in a few short, punchy sentences and entices your...
        </div>
      </div>
      <div
        class="post-engagements post-padding"
      >
        <div
          class="clap"
        >
          <div
            class="clap-icon"
          >
            <img
              alt="clap"
              src="clapping.svg"
            />
          </div>
          <div
            class="clap-counter"
          >
            1
          </div>
        </div>
        <div
          class="like"
        >
          <img
            alt="heart"
            src="heart-red.svg"
          />
        </div>
      </div>
    </div>
    <div
      class="post"
    >
      <div
        class="post-image"
      >
        <img
          alt=""
          src="young-painters.png"
        />
      </div>
      <div
        class="post-content post-padding"
      >
        <div
          class="post-meta"
        >
          <div
            class="post-date"
          >
            20th
      June, 
      2021
          </div>
          <div
            class="post-reading-time"
          >
            2 mins
          </div>
        </div>
        <div
          class="post-title"
        >
          10 young painters you need to know
        </div>
        <div
          class="post-description"
        >
          Create a blog post subtitle that summarizes your post in a few short, punchy sentences and entices your...
        </div>
      </div>
      <div
        class="post-engagements post-padding"
      >
        <div
          class="clap"
        >
          <div
            class="clap-icon"
          >
            <img
              alt="clap"
              src="clapping.svg"
            />
          </div>
          <div
            class="clap-counter"
          >
            15
          </div>
        </div>
        <div
          class="like"
        >
          <img
            alt="heart"
            src="heart-black.svg"
          />
        </div>
      </div>
    </div>
    <div
      class="post"
    >
      <div
        class="post-image"
      >
        <img
          alt=""
          src="perfect-art.png"
        />
      </div>
      <div
        class="post-content post-padding"
      >
        <div
          class="post-meta"
        >
          <div
            class="post-date"
          >
            29th
      August, 
      2021
          </div>
          <div
            class="post-reading-time"
          >
            5 mins
          </div>
        </div>
        <div
          class="post-title"
        >
          Tips for creating the perfect art
        </div>
        <div
          class="post-description"
        >
          Create a blog post subtitle that summarizes your post in a few short, punchy sentences and entices your...
        </div>
      </div>
      <div
        class="post-engagements post-padding"
      >
        <div
          class="clap"
        >
          <div
            class="clap-icon"
          >
            <img
              alt="clap"
              src="clapping.svg"
            />
          </div>
          <div
            class="clap-counter"
          >
            11
          </div>
        </div>
        <div
          class="like"
        >
          <img
            alt="heart"
            src="heart-black.svg"
          />
        </div>
      </div>
    </div>
    <div
      class="post"
    >
      <div
        class="post-image"
      >
        <img
          alt=""
          src="inspired.png"
        />
      </div>
      <div
        class="post-content post-padding"
      >
        <div
          class="post-meta"
        >
          <div
            class="post-date"
          >
            29th
      October, 
      2021
          </div>
          <div
            class="post-reading-time"
          >
            9 mins
          </div>
        </div>
        <div
          class="post-title"
        >
          Stay inspired: top artists blog ...
        </div>
        <div
          class="post-description"
        >
          Create a blog post subtitle that summarizes your post in a few short, punchy sentences and entices your...
        </div>
      </div>
      <div
        class="post-engagements post-padding"
      >
        <div
          class="clap"
        >
          <div
            class="clap-icon"
          >
            <img
              alt="clap"
              src="clapping.svg"
            />
          </div>
          <div
            class="clap-counter"
          >
            45
          </div>
        </div>
        <div
          class="like"
        >
          <img
            alt="heart"
            src="heart-red.svg"
          />
        </div>
      </div>
    </div>
    <div
      class="post"
    >
      <div
        class="post-image"
      >
        <img
          alt=""
          src="reason.png"
        />
      </div>
      <div
        class="post-content post-padding"
      >
        <div
          class="post-meta"
        >
          <div
            class="post-date"
          >
            30th
      January, 
      2023
          </div>
          <div
            class="post-reading-time"
          >
            2 mins
          </div>
        </div>
        <div
          class="post-title"
        >
          5 reasons why everyone should try an...
        </div>
        <div
          class="post-description"
        >
          Create a blog post subtitle that summarizes your post in a few short, punchy sentences and entices your...
        </div>
      </div>
      <div
        class="post-engagements post-padding"
      >
        <div
          class="clap"
        >
          <div
            class="clap-icon"
          >
            <img
              alt="clap"
              src="clapping.svg"
            />
          </div>
          <div
            class="clap-counter"
          >
            11
          </div>
        </div>
        <div
          class="like"
        >
          <img
            alt="heart"
            src="heart-black.svg"
          />
        </div>
      </div>
    </div>
  </div>
</DocumentFragment>
`;
