// Jest Snapshot v1, https://goo.gl/fbAQLP

exports[`BlogPosts should render correctly 1`] = `
<DocumentFragment>
  <div
    class="posts basic-padding"
  >
    <div
      class="post"
    >
      <div
        class="post-image"
      >
        <img
          alt=""
          src="abstract.png"
        />
      </div>
      <div
        class="post-content post-padding"
      >
        <div
          class="post-meta"
        >
          <div
            class="post-date"
          >
            29th
      June, 
      2021
          </div>
          <div
            class="post-reading-time"
          >
            2 mins
          </div>
        </div>
        <div
          class="post-title"
        >
          mock title 1
        </div>
        <div
          class="post-description"
        >
          mock description 1
        </div>
      </div>
      <div
        class="post-engagements post-padding"
      >
        <div
          class="clap"
        >
          <div
            class="clap-icon"
          >
            <img
              alt="clap"
              src="clapping.svg"
            />
          </div>
          <div
            class="clap-counter"
          >
            10
          </div>
        </div>
        <div
          class="like"
        >
          <img
            alt="heart"
            src="heart-black.svg"
          />
        </div>
      </div>
    </div>
    <div
      class="post"
    >
      <div
        class="post-image"
      >
        <img
          alt=""
          src="abstract.png"
        />
      </div>
      <div
        class="post-content post-padding"
      >
        <div
          class="post-meta"
        >
          <div
            class="post-date"
          >
            29th
      June, 
      2022
          </div>
          <div
            class="post-reading-time"
          >
            4 mins
          </div>
        </div>
        <div
          class="post-title"
        >
          mock title 2
        </div>
        <div
          class="post-description"
        >
          mock description 2
        </div>
      </div>
      <div
        class="post-engagements post-padding"
      >
        <div
          class="clap"
        >
          <div
            class="clap-icon"
          >
            <img
              alt="clap"
              src="clapping.svg"
            />
          </div>
          <div
            class="clap-counter"
          >
            12
          </div>
        </div>
        <div
          class="like"
        >
          <img
            alt="heart"
            src="heart-red.svg"
          />
        </div>
      </div>
    </div>
  </div>
</DocumentFragment>
`;
